// Jest Snapshot v1, https://goo.gl/fbAQLP

exports[`Tip component renders the Tip form 1`] = `
<section
  className="TipContainer"
>
  <div
    className="tipBackground"
  >
    <h1
      className="tipTitle"
    />
    <h2
      className="catName"
    />
    <Rating />
    <div
      className="tipText"
    >
      <p
        className="bold lefttext"
      >
        Description: 
      </p>
      <p
        className="indent"
      />
    </div>
    <div
      className="tipText"
    >
      <p
        className="bold lefttext"
      >
        Directions: 
      </p>
      <p
        className="indent"
      />
    </div>
    <div
      className="tipText sourceBox"
    >
      <p
        className="bold lefttext"
      >
        Source: 
      </p>
      <a
        rel="noopener noreferrer"
        target="_blank"
      />
    </div>
    <div
      className="buttonBox"
    >
      <NavLink
        className="editTipButton button"
        to="/Category/undefined/3/editTip"
      >
        Edit
      </NavLink>
      <button
        aria-label="delete tip button"
        aria-pressed="false"
        className="deleteTipButton button"
        onClick={[Function]}
        type="button"
      >
        Delete
      </button>
    </div>
  </div>
</section>
`;
