// Jest Snapshot v1, https://goo.gl/fbAQLP

exports[`Landing component renders the Landing Page 1`] = `
<section
  className="LandingContent landingbg"
>
  <img
    alt="TipsDeck Logo"
    className="landingLogo"
    src="images/TipsDeckLogo.png"
  />
  <h1
    className="LandingHeading"
  >
    TipsDeck
  </h1>
  <div>
    <p
      className="description"
    >
      TipsDeck is a collection of tips and life hacks that aim to help optimize everday life.  From topics in beauty, cleaning, childcare, and more TipsDeck can be your go-to for alternative quick solutions for everyday needs with the tools you have on hand.
    </p>
    <div
      id="letsGoContainer"
    >
      <NavLink
        className="letsGoButton"
        to="/Category"
      >
        <span
          aria-hidden="true"
          className="circle"
        >
          <span
            className="icon arrow"
          />
        </span>
        <span
          className="button-text"
        >
          Let's Go 
        </span>
      </NavLink>
    </div>
  </div>
  <p
    className="landingFooter"
  >
    Created by Sunny Lee
  </p>
</section>
`;
