// Jest Snapshot v1, https://goo.gl/fbAQLP

exports[`NavBar component renders the NavBar component 1`] = `
<nav
  className="navBar"
  onClick={[Function]}
  role="navigation"
>
  <button
    className="categoryIcon backButton"
    onClick={[Function]}
  >
    <img
      alt="Go back"
      className="logoImage back"
      src="/images/backarrow.png"
    />
    <div
      className="buttonName"
    >
      Back
    </div>
  </button>
  <NavLink
    className="categoryIcon catButton"
    to="/Category"
  >
    <img
      alt="Categories Icon"
      className="logoImage"
      src="/images/CategoriesIcon.png"
    />
    <div
      className="buttonName"
    >
      Categories
    </div>
  </NavLink>
  <div
    className="categoryIcon searchContainer"
  >
    <div
      className="dropdown"
    >
      <button
        className="dropButton"
      >
        <img
          alt="Search Logo"
          className="logoImage"
          src="/images/MagnifyingIcon.png"
        />
        <div
          className="buttonName"
        >
          Search
        </div>
      </button>
      <div
        className="dropdown-content"
      >
        <div
          className="searchResultsBox"
        >
          <div
            className="searchBar"
          >
            <label
              htmlFor="searchText"
            >
              Enter search here...
            </label>
            <input
              autoComplete="off"
              className="searchField"
              id="searchText"
              name="searchText"
              onChange={[Function]}
              placeholder=" Search for tips here..."
              type="text"
              value=""
            />
          </div>
          <div
            className="results"
            onClick={[Function]}
          />
        </div>
      </div>
    </div>
  </div>
  <NavLink
    className="categoryIcon randomIcon"
    to="/Random"
  >
    <img
      alt="Random Logo"
      className="logoImage"
      src="/images/dice.png"
    />
    <div
      className="buttonName"
    >
      Random
    </div>
  </NavLink>
  <NavLink
    className="categoryIcon addIcon"
    to="/addTip"
  >
    <img
      alt="Plus Logo"
      className="logoImage"
      src="/images/PlusSymbol.png"
    />
    <div
      className="buttonName"
    >
      Add Tip
    </div>
  </NavLink>
</nav>
`;
